// Jest Snapshot v1, https://goo.gl/fbAQLP

exports[`App matches snapshot 1`] = `
<View
  style={
    Object {
      "backgroundColor": "#0C1116",
      "flex": 1,
      "paddingHorizontal": 144,
      "paddingVertical": 76,
    }
  }
  testID="setup-screen"
>
  <View
    style={
      Object {
        "marginBottom": 36,
      }
    }
  >
    <Text
      style={
        Object {
          "color": "#FFFFFF",
          "fontSize": 82,
          "fontWeight": "800",
          "letterSpacing": 0,
        }
      }
    >
      Astra
    </Text>
    <Text
      style={
        Object {
          "color": "#AAB7C0",
          "fontSize": 30,
          "marginTop": 8,
        }
      }
    >
      Connect your media server
    </Text>
  </View>
  <View
    style={
      Object {
        "width": 840,
      }
    }
  >
    <Text
      style={
        Object {
          "color": "#FFFFFF",
          "fontSize": 34,
          "fontWeight": "700",
          "marginBottom": 12,
        }
      }
    >
      What are you connecting to?
    </Text>
    <Text
      style={
        Object {
          "color": "#AAB7C0",
          "fontSize": 26,
          "lineHeight": 36,
          "marginBottom": 26,
          "maxWidth": 820,
        }
      }
    >
      Astra plays movies and shows from your own media server. Pick the kind of server you have.
    </Text>
    <View
      style={
        Object {
          "flexDirection": "row",
          "gap": 16,
        }
      }
    >
      <View
        accessibilityLabel="Jellyfin"
        accessibilityRole="button"
        accessibilityState={
          Object {
            "busy": undefined,
            "checked": undefined,
            "disabled": undefined,
            "expanded": undefined,
            "selected": undefined,
          }
        }
        accessibilityValue={
          Object {
            "max": undefined,
            "min": undefined,
            "now": undefined,
            "text": undefined,
          }
        }
        accessible={true}
        collapsable={false}
        focusable={true}
        hasTVPreferredFocus={true}
        onClick={[Function]}
        onResponderGrant={[Function]}
        onResponderMove={[Function]}
        onResponderRelease={[Function]}
        onResponderTerminate={[Function]}
        onResponderTerminationRequest={[Function]}
        onStartShouldSetResponder={[Function]}
        style={
          Object {
            "alignItems": "center",
            "backgroundColor": "#1B2630",
            "borderColor": "#7B5EA7",
            "borderRadius": 8,
            "borderWidth": 2,
            "height": 96,
            "justifyContent": "center",
            "opacity": 1,
            "width": 220,
          }
        }
        testID="setup-server-type-jellyfin"
      >
        <Text
          style={
            Object {
              "color": "#FFFFFF",
              "fontSize": 26,
              "fontWeight": "700",
            }
          }
        >
          Jellyfin
        </Text>
        <Text
          style={
            Object {
              "color": "#8CA1AA",
              "fontSize": 18,
              "marginTop": 4,
            }
          }
        >
          Press Select to continue
        </Text>
      </View>
      <View
        accessibilityLabel="Emby, coming soon"
        style={
          Array [
            Object {
              "alignItems": "center",
              "backgroundColor": "#172129",
              "borderRadius": 8,
              "height": 96,
              "justifyContent": "center",
              "width": 220,
            },
            Object {
              "borderColor": "rgba(255,255,255,0.2)",
              "borderWidth": 1,
            },
            Object {
              "backgroundColor": "#0F171C",
              "borderColor": "rgba(255,255,255,0.08)",
              "opacity": 0.5,
            },
          ]
        }
        testID="setup-server-type-emby"
      >
        <Text
          style={
            Object {
              "color": "#AAB7C0",
              "fontSize": 26,
              "fontWeight": "700",
            }
          }
        >
          Emby
        </Text>
        <Text
          style={
            Object {
              "color": "#6B7A82",
              "fontSize": 18,
              "fontStyle": "italic",
              "marginTop": 4,
            }
          }
        >
          Coming soon
        </Text>
      </View>
    </View>
    <Text
      style={
        Object {
          "color": "#91A2AD",
          "fontSize": 22,
          "marginTop": 8,
        }
      }
    >
      Have a Jellyfin server? It's highlighted and ready — just press the Select button on your remote.
    </Text>
  </View>
</View>
`;
